// Jest Snapshot v1, https://goo.gl/fbAQLP

exports[`Button snapshot 1`] = `
<DocumentFragment>
  <button
    class="button button--small button--primary"
    type="submit"
  >
    Click
  </button>
</DocumentFragment>
`;
