// Jest Snapshot v1, https://goo.gl/fbAQLP

exports[`Toggle snapshot 1`] = `
<DocumentFragment>
  <div
    class="toggle toggle--off"
    data-testid="toggle"
  >
    <div
      class="toggle--circle"
    />
  </div>
</DocumentFragment>
`;
